// Jest Snapshot v1, https://goo.gl/fbAQLP

exports[`ExtractModuleToGlobal should extract module 1`] = `
"\\"use strict\\";
function a() {
  return \\"from global space\\";
}

/******/ (function () {
  // webpackBootstrap
  /******/ var __webpack_modules__ = {
    /***/ \\"./b.ts\\":
      /*!**************!*\\\\
  !*** ./b.ts ***!
  \\\\**************/
      /***/ function (__unused_webpack_module, exports) {
        \\"use strict\\";

        Object.defineProperty(exports, \\"__esModule\\", { value: true });
        exports.b = void 0;
        function b() {
          return \\"In module space\\";
        }
        exports.b = b;

        /***/
      },

    /***/ \\"./index.ts\\":
      /*!******************!*\\\\
  !*** ./index.ts ***!
  \\\\******************/
      /***/ function (__unused_webpack_module, exports, __webpack_require__) {
        \\"use strict\\";

        var __createBinding =
          (this && this.__createBinding) ||
          (Object.create
            ? function (o, m, k, k2) {
                if (k2 === undefined) k2 = k;
                Object.defineProperty(o, k2, {
                  enumerable: true,
                  get: function () {
                    return m[k];
                  },
                });
              }
            : function (o, m, k, k2) {
                if (k2 === undefined) k2 = k;
                o[k2] = m[k];
              });
        var __exportStar =
          (this && this.__exportStar) ||
          function (m, exports) {
            for (var p in m)
              if (
                p !== \\"default\\" &&
                !Object.prototype.hasOwnProperty.call(exports, p)
              )
                __createBinding(exports, m, p);
          };
        Object.defineProperty(exports, \\"__esModule\\", { value: true });
        __webpack_require__(/*! ./a */ \\"./a.ts\\");
        __exportStar(__webpack_require__(/*! ./b */ \\"./b.ts\\"), exports);

        /***/
      },

    /***/ \\"./a.ts\\":
      /*!**************!*\\\\
  !*** ./a.ts ***!
  \\\\**************/
      /***/ function () {
        /** Extracted to global space 2d7cedc3557d25f324edf914eac861fe **/
        /***/
      },

    /******/
  };
  /************************************************************************/
  /******/ // The module cache
  /******/ var __webpack_module_cache__ = {};
  /******/
  /******/ // The require function
  /******/ function __webpack_require__(moduleId) {
    /******/ // Check if module is in cache
    /******/ var cachedModule = __webpack_module_cache__[moduleId];
    /******/ if (cachedModule !== undefined) {
      /******/ return cachedModule.exports;
      /******/
    }
    /******/ // Create a new module (and put it into the cache)
    /******/ var module = (__webpack_module_cache__[moduleId] = {
      /******/ // no module.id needed
      /******/ // no module.loaded needed
      /******/ exports: {},
      /******/
    });
    /******/
    /******/ // Execute the module function
    /******/ __webpack_modules__[moduleId].call(
      module.exports,
      module,
      module.exports,
      __webpack_require__
    );
    /******/
    /******/ // Return the exports of the module
    /******/ return module.exports;
    /******/
  }
  /******/
  /************************************************************************/
  /******/
  /******/ // startup
  /******/ // Load entry module and return exports
  /******/ // This entry module is referenced by other modules so it can't be inlined
  /******/ var __webpack_exports__ = __webpack_require__(\\"./index.ts\\");
  /******/
  /******/
})();
"
`;
